
> nutri-feed@0.1.0 build
> next build

Ôû▓ Next.js 16.2.1 (Turbopack)
- Environments: .env.local

node.exe : ÔÜá The "middleware" file convention is 
deprecated. Please use "proxy" instead. Learn more: 
https://nextjs.org/docs/messages/middleware-to-proxy
En línea: 1 Carácter: 1
+ & "C:\Program Files\nodejs/node.exe" "C:\Program 
Files\nodejs/node_mo ...
+ ~~~~~~~~~~~~~~~~~~~~~~~~~~~~~~~~~~~~~~~~~~~~~~~~~~~~~
~~~~~~~~~~~~~~~~
    + CategoryInfo          : NotSpecified: (ÔÜá The " 
   middle...leware-to-proxy:String) [], RemoteExcepti  
  on
    + FullyQualifiedErrorId : NativeCommandError
 
  Creating an optimized production build ...
Error: Cannot apply unknown utility class 
`border-border`. Are you using CSS modules or similar 
and missing `@reference`? https://tailwindcss.com/docs/
functions-and-directives#reference-directive
    [2m[at onInvalidCandidate (C:\Users\plcla\.gemini\
antigravity\scratch\nutri-feed\node_modules\tailwindcss
\dist\lib.js:21:1314)][0m
    [2m[at Ee (C:\Users\plcla\.gemini\antigravity\scra
tch\nutri-feed\node_modules\tailwindcss\dist\lib.js:16:
37066)][0m
    [2m[at C:\Users\plcla\.gemini\antigravity\scratch\
nutri-feed\node_modules\tailwindcss\dist\lib.js:21:355]
[0m
    [2m[at _r (C:\Users\plcla\.gemini\antigravity\scra
tch\nutri-feed\node_modules\tailwindcss\dist\lib.js:3:1
733)][0m
    [2m[at I (C:\Users\plcla\.gemini\antigravity\scrat
ch\nutri-feed\node_modules\tailwindcss\dist\lib.js:3:13
77)][0m
    [2m[at Te (C:\Users\plcla\.gemini\antigravity\scra
tch\nutri-feed\node_modules\tailwindcss\dist\lib.js:21:
172)][0m
    [2m[at mn (C:\Users\plcla\.gemini\antigravity\scra
tch\nutri-feed\node_modules\tailwindcss\dist\lib.js:38:
294)][0m
    [2m[at process.processTicksAndRejections 
(node:internal/process/task_queues:104:5)][0m
    [2m[at async gn (C:\Users\plcla\.gemini\antigravit
y\scratch\nutri-feed\node_modules\tailwindcss\dist\lib.
js:38:631)][0m
    [2m[at async Xr (C:\Users\plcla\.gemini\antigravit
y\scratch\nutri-feed\node_modules\@tailwindcss\node\dis
t\index.js:10:3416)][0m

> Build error occurred
Error: Turbopack build failed with 1 errors:
./src/app/globals.css
Error evaluating Node.js code
CssSyntaxError: tailwindcss: C:\Users\plcla\.gemini\ant
igravity\scratch\nutri-feed\src\app\globals.css:1:1: 
Cannot apply unknown utility class `border-border`. 
Are you using CSS modules or similar and missing 
`@reference`? https://tailwindcss.com/docs/functions-an
d-directives#reference-directive
    at Input.error 
(node_modules/postcss/lib/input.js:135:16) [C:\Users\pl
cla\.gemini\antigravity\scratch\nutri-feed\.next\build\
chunks\node_modules_13sb.px._.js:4651:22]
    at error (node_modules/postcss/lib/node.js:146:32) 
[C:\Users\plcla\.gemini\antigravity\scratch\nutri-feed\
.next\build\chunks\node_modules_13sb.px._.js:928:38]
    [at Object.Once (C:\Users\plcla\.gemini\antigravity
\scratch\nutri-feed\node_modules\@tailwindcss\postcss\d
ist\index.js:10:6913)]
    [at process.processTicksAndRejections 
(node:internal/process/task_queues:104:5)]
    at async LazyResult.runAsync 
(node_modules/postcss/lib/lazy-result.js:293:11) [C:\Us
ers\plcla\.gemini\antigravity\scratch\nutri-feed\.next\
build\chunks\node_modules_13sb.px._.js:6214:21]
    at async transform (turbopack:///[turbopack-node]/t
ransforms/postcss.ts:70:34) [C:\Users\plcla\.gemini\ant
igravity\scratch\nutri-feed\.next\build\chunks\[root-of
-the-server]__0d-m0h0._.js:146:36]
    at async run (turbopack:///[turbopack-node]/child_p
rocess/evaluate.ts:89:23) [C:\Users\plcla\.gemini\antig
ravity\scratch\nutri-feed\.next\build\chunks\[root-of-t
he-server]__0ubbtyl._.js:443:31]

Import trace:
  Client Component Browser:
    ./src/app/globals.css [Client Component Browser]
    ./src/app/layout.tsx [Server Component]


    at async transform (turbopack:///[turbopack-node]/t
ransforms/postcss.ts:70:34) [C:\Users\plcla\.gemini\ant
igravity\scratch\nutri-feed\.next\build\chunks\[root-of
-the-server]__0d-m0h0._.js:146:36])
    at async run (turbopack:///[turbopack-node]/child_p
rocess/evaluate.ts:89:23) [C:\Users\plcla\.gemini\antig
ravity\scratch\nutri-feed\.next\build\chunks\[root-of-t
he-server]__0ubbtyl._.js:443:31])
